// Jest Snapshot v1, https://goo.gl/fbAQLP

exports[`MoviePage Create snapshot of Movie Page 1`] = `
<Fragment>
  <MovieBanner />
  <Navigation />
  <ErrorBoundary>
     
    <MovieCardsContainer />
  </ErrorBoundary>
  <Footer />
</Fragment>
`;

exports[`MoviePage create snapshot 1`] = `
<Fragment>
  <MovieBanner />
  <Navigation />
  <ErrorBoundary>
     
    <MovieCardsContainer />
  </ErrorBoundary>
  <Footer />
</Fragment>
`;
