// Jest Snapshot v1, https://goo.gl/fbAQLP

exports[`FilterNavigation matches snapshot 1`] = `
<Provider
  store={
    Object {
      "clearActions": [Function],
      "dispatch": [Function],
      "getActions": [Function],
      "getState": [Function],
      "replaceReducer": [Function],
      "subscribe": [Function],
    }
  }
>
  <FilterNavigation
    filterMovie={[Function]}
  >
    <div
      className="filter-navigation"
    >
      <button
        id="test-button"
        onClick={[Function]}
      >
        All
      </button>
      <button
        onClick={[Function]}
      >
        Drama
      </button>
      <button
        onClick={[Function]}
      >
        Fantasy
      </button>
      <button
        onClick={[Function]}
      >
        Comedy
      </button>
      <button
        onClick={[Function]}
      >
        Action
      </button>
    </div>
  </FilterNavigation>
   
</Provider>
`;
