// Jest Snapshot v1, https://goo.gl/fbAQLP

exports[`MovieBanner MovieBanner to match snapshot 1`] = `
<ContextProvider
  value={
    Object {
      "store": Object {
        "clearActions": [Function],
        "dispatch": [Function],
        "getActions": [Function],
        "getState": [Function],
        "replaceReducer": [Function],
        "subscribe": [Function],
      },
      "subscription": Object {
        "addNestedSub": [Function],
        "getListeners": [Function],
        "handleChangeWrapper": [Function],
        "isSubscribed": [Function],
        "notifyNestedSubs": [Function],
        "onStateChange": [Function],
        "trySubscribe": [Function],
        "tryUnsubscribe": [Function],
      },
    }
  }
>
  <MovieBanner
    apiMoviesArray={
      Array [
        "test, test2, test3",
      ]
    }
    genres={
      Array [
        "Animation",
      ]
    }
    overview="Carol DanversDetermined to prove herself, Officer Judy Hopps, the first bunny on Zootopia's police force, jumps at the chance to crack her first case - even if it means partnering with scam-artist fox Nick Wilde to solve the mystery. becomes one of the universe\`s most powerful heroes when Earth is caught in the middle of a galactic war between two alien races."
    poster_path="https://"
    release_date="2016"
    runtime={108}
    tagline="short description"
    thisMovie={[Function]}
    title="Captain Marvel"
    vote_average={7.7}
  />
</ContextProvider>
`;
