// Jest Snapshot v1, https://goo.gl/fbAQLP

exports[`MovieCard Movie Card matches snapshot 1`] = `
<Provider
  store={
    Object {
      "clearActions": [Function],
      "dispatch": [Function],
      "getActions": [Function],
      "getState": [Function],
      "replaceReducer": [Function],
      "subscribe": [Function],
    }
  }
>
  <MovieCard
    description="Movie description"
    genres={
      Array [
        "Animation",
      ]
    }
    poster_path="https://"
    release_date="2016"
    title="Captain Marvel"
  >
    <div
      className="card"
    >
      <img
        alt="Captain Marvel"
        className="card-image"
        src="https://"
      />
      <div
        className="card-details"
      >
        <div>
          <h4>
            Captain Marvel
          </h4>
          <p>
             
            Animation
          </p>
        </div>
        <button>
          2016
        </button>
        <button
          onClick={[Function]}
        >
          remove movie
        </button>
         
      </div>
    </div>
  </MovieCard>
   
</Provider>
`;
