// Jest Snapshot v1, https://goo.gl/fbAQLP

exports[`404 Page Create snapshot of 404 component with link 1`] = `
<BrowserRouter
  location="home"
>
  <Router
    location={
      Object {
        "hash": "",
        "key": "default",
        "pathname": "blank",
        "search": "",
        "state": null,
      }
    }
    navigationType="POP"
    navigator={
      Object {
        "action": "POP",
        "back": [Function],
        "block": [Function],
        "createHref": [Function],
        "forward": [Function],
        "go": [Function],
        "listen": [Function],
        "location": Object {
          "hash": "",
          "key": "default",
          "pathname": "blank",
          "search": "",
          "state": null,
        },
        "push": [Function],
        "replace": [Function],
      }
    }
  >
    <Error404>
      <div
        className="error404"
      >
        <p>
          Page Not Found
        </p>
        <p
          className="sign404"
        >
          404
        </p>
        <Link
          to="/"
        >
          <a
            href="/"
            onClick={[Function]}
          >
            <button
              className="button-secondary"
            >
              back to home
            </button>
          </a>
        </Link>
      </div>
    </Error404>
  </Router>
</BrowserRouter>
`;
